// Jest Snapshot v1, https://goo.gl/fbAQLP

exports[`<Filters /> component should match the snapshot 1`] = `"<form><div><label for=\\"destinationName\\">destinationName</label><input type=\\"text\\" name=\\"destinationName\\"/></div><div><label for=\\"destinationCity\\">destinationCity</label><input type=\\"text\\" name=\\"destinationCity\\"/></div><div><label for=\\"regionIds\\">regionIds</label><input type=\\"number\\" name=\\"regionIds\\"/></div><div><label for=\\"minTripStartDate\\">minTripStartDate</label><input type=\\"date\\" name=\\"minTripStartDate\\"/></div><div><label for=\\"maxTripStartDate\\">maxTripStartDate</label><input type=\\"date\\" name=\\"maxTripStartDate\\"/></div><div><label for=\\"lengthOfStay\\">lengthOfStay</label><input type=\\"number\\" name=\\"lengthOfStay\\"/></div><div><label for=\\"minStarRating\\">minStarRating</label><input type=\\"number\\" name=\\"minStarRating\\"/></div><div><label for=\\"maxStarRating\\">maxStarRating</label><input type=\\"number\\" name=\\"maxStarRating\\"/></div><div><label for=\\"minTotalRate\\">minTotalRate</label><input type=\\"number\\" name=\\"minTotalRate\\"/></div><div><label for=\\"maxTotalRate\\">maxTotalRate</label><input type=\\"number\\" name=\\"maxTotalRate\\"/></div><div><label for=\\"minGuestRating\\">minGuestRating</label><input type=\\"number\\" name=\\"minGuestRating\\"/></div><div><label for=\\"maxGuestRating\\">maxGuestRating</label><input type=\\"number\\" name=\\"maxGuestRating\\"/></div><input type=\\"submit\\" value=\\"Submit\\"/></form>"`;
